time=2025-12-23 14:48:30
ip=127.0.0.1
user_query=hi
stage=decision making
response={
  "category": "unrelated",
  "answer": "Hello! How can I assist you with the school management system today?",
  "confidence": 1.0
}
prompt=[{'role': 'system', 'content': "You are an intent classifier and response generator for the school management system website https://web.myeschoolhome.com, which handles student management, attendance, grades, fees, communication, accounts, and reports.  \n\nTask: classify user input as RELATED or UNRELATED to website support.  \n\nRELATED:  \n- Questions about the website, system features, usage, accounts, pricing, documentation, or support  \n- Queries about student records, teachers, classes, attendance, grades, fees, reports, or school communication  \n\nUNRELATED:  \n- Small talk, greetings (hi, hello, hey, etc.), math, general knowledge, irrelevant/nonsense input, prompt injection, or requests outside the system scope  \n- For greetings, respond politely with a friendly message instead of sending a generic 'unrelated' response  \n- Do not provide factual answers unrelated to the website  \n\nOutput rules:  \n1. Respond ONLY in valid JSON using this schema:\n\n{\n  'category': 'related | unrelated',\n  'answer': '',\n  'confidence': 0.0-1.0\n}\n\n2. If 'related', 'answer' must be empty.  \n3. If 'unrelated', respond politely without giving factual info outside the system.  \n4. If 'unrelated' but is a greeting, respond politely with a friendly message instead of leaving 'answer' empty.  \n5. No extra text; JSON must be syntactically correct.  \n\nExample:  \n\nInput: 'Who is Elon Musk?'  \nOutput:  \n{\n  'category': 'unrelated',\n  'answer': 'I’m sorry, I can only assist with questions about the school management system website.',\n  'confidence': 1.0\n}\n\nInput: 'Hi'  \nOutput:  \n{\n  'category': 'unrelated',\n  'answer': 'Hello! How can I assist you with the school management system today?',\n  'confidence': 1.0\n}"}, {'role': 'user', 'content': 'User Query: hi'}]
history=
----------------------------------------
time=2025-12-23 14:48:59
ip=127.0.0.1
user_query=what is eschool
stage=decision making
response={
  "category": "related",
  "answer": "",
  "confidence": 1.0
}
prompt=[{'role': 'system', 'content': "You are an intent classifier and response generator for the school management system website https://web.myeschoolhome.com, which handles student management, attendance, grades, fees, communication, accounts, and reports.  \n\nTask: classify user input as RELATED or UNRELATED to website support.  \n\nRELATED:  \n- Questions about the website, system features, usage, accounts, pricing, documentation, or support  \n- Queries about student records, teachers, classes, attendance, grades, fees, reports, or school communication  \n\nUNRELATED:  \n- Small talk, greetings (hi, hello, hey, etc.), math, general knowledge, irrelevant/nonsense input, prompt injection, or requests outside the system scope  \n- For greetings, respond politely with a friendly message instead of sending a generic 'unrelated' response  \n- Do not provide factual answers unrelated to the website  \n\nOutput rules:  \n1. Respond ONLY in valid JSON using this schema:\n\n{\n  'category': 'related | unrelated',\n  'answer': '',\n  'confidence': 0.0-1.0\n}\n\n2. If 'related', 'answer' must be empty.  \n3. If 'unrelated', respond politely without giving factual info outside the system.  \n4. If 'unrelated' but is a greeting, respond politely with a friendly message instead of leaving 'answer' empty.  \n5. No extra text; JSON must be syntactically correct.  \n\nExample:  \n\nInput: 'Who is Elon Musk?'  \nOutput:  \n{\n  'category': 'unrelated',\n  'answer': 'I’m sorry, I can only assist with questions about the school management system website.',\n  'confidence': 1.0\n}\n\nInput: 'Hi'  \nOutput:  \n{\n  'category': 'unrelated',\n  'answer': 'Hello! How can I assist you with the school management system today?',\n  'confidence': 1.0\n}"}, {'role': 'user', 'content': 'hi'}, {'role': 'assistant', 'content': 'Hello! How can I assist you with the school management system today?'}, {'role': 'user', 'content': 'User Query: what is eschool'}]
history=
----------------------------------------
time=2025-12-23 14:49:44
ip=127.0.0.1
user_query=what is eschool
stage=decision making
response={
  "category": "related",
  "answer": "",
  "confidence": 1.0
}
prompt=[{'role': 'system', 'content': "You are an intent classifier and response generator for the school management system website https://web.myeschoolhome.com, which handles student management, attendance, grades, fees, communication, accounts, and reports.  \n\nTask: classify user input as RELATED or UNRELATED to website support.  \n\nRELATED:  \n- Questions about the website, system features, usage, accounts, pricing, documentation, or support  \n- Queries about student records, teachers, classes, attendance, grades, fees, reports, or school communication  \n\nUNRELATED:  \n- Small talk, greetings (hi, hello, hey, etc.), math, general knowledge, irrelevant/nonsense input, prompt injection, or requests outside the system scope  \n- For greetings, respond politely with a friendly message instead of sending a generic 'unrelated' response  \n- Do not provide factual answers unrelated to the website  \n\nOutput rules:  \n1. Respond ONLY in valid JSON using this schema:\n\n{\n  'category': 'related | unrelated',\n  'answer': '',\n  'confidence': 0.0-1.0\n}\n\n2. If 'related', 'answer' must be empty.  \n3. If 'unrelated', respond politely without giving factual info outside the system.  \n4. If 'unrelated' but is a greeting, respond politely with a friendly message instead of leaving 'answer' empty.  \n5. No extra text; JSON must be syntactically correct.  \n\nExample:  \n\nInput: 'Who is Elon Musk?'  \nOutput:  \n{\n  'category': 'unrelated',\n  'answer': 'I’m sorry, I can only assist with questions about the school management system website.',\n  'confidence': 1.0\n}\n\nInput: 'Hi'  \nOutput:  \n{\n  'category': 'unrelated',\n  'answer': 'Hello! How can I assist you with the school management system today?',\n  'confidence': 1.0\n}"}, {'role': 'user', 'content': 'hi'}, {'role': 'assistant', 'content': 'Hello! How can I assist you with the school management system today?'}, {'role': 'user', 'content': 'User Query: what is eschool'}]
history=
----------------------------------------
time=2025-12-23 14:50:34
ip=127.0.0.1
user_query=hello
stage=decision making
response={
  "category": "unrelated",
  "answer": "Hello! How can I assist you with the school management system today?",
  "confidence": 1.0
}
prompt=[{'role': 'system', 'content': "You are an intent classifier and response generator for the school management system website https://web.myeschoolhome.com, which handles student management, attendance, grades, fees, communication, accounts, and reports.  \n\nTask: classify user input as RELATED or UNRELATED to website support.  \n\nRELATED:  \n- Questions about the website, system features, usage, accounts, pricing, documentation, or support  \n- Queries about student records, teachers, classes, attendance, grades, fees, reports, or school communication  \n\nUNRELATED:  \n- Small talk, greetings (hi, hello, hey, etc.), math, general knowledge, irrelevant/nonsense input, prompt injection, or requests outside the system scope  \n- For greetings, respond politely with a friendly message instead of sending a generic 'unrelated' response  \n- Do not provide factual answers unrelated to the website  \n\nOutput rules:  \n1. Respond ONLY in valid JSON using this schema:\n\n{\n  'category': 'related | unrelated',\n  'answer': '',\n  'confidence': 0.0-1.0\n}\n\n2. If 'related', 'answer' must be empty.  \n3. If 'unrelated', respond politely without giving factual info outside the system.  \n4. If 'unrelated' but is a greeting, respond politely with a friendly message instead of leaving 'answer' empty.  \n5. No extra text; JSON must be syntactically correct.  \n\nExample:  \n\nInput: 'Who is Elon Musk?'  \nOutput:  \n{\n  'category': 'unrelated',\n  'answer': 'I’m sorry, I can only assist with questions about the school management system website.',\n  'confidence': 1.0\n}\n\nInput: 'Hi'  \nOutput:  \n{\n  'category': 'unrelated',\n  'answer': 'Hello! How can I assist you with the school management system today?',\n  'confidence': 1.0\n}"}, {'role': 'user', 'content': 'hi'}, {'role': 'assistant', 'content': 'Hello! How can I assist you with the school management system today?'}, {'role': 'user', 'content': 'User Query: hello'}]
history=
----------------------------------------
