time=2025-12-26 16:08:26
ip=127.0.0.1
user_query=what is eschool?
stage=decision making
response={
  "category": "related",
  "answer": "",
  "confidence": 0.95
}
----------------------------------------
time=2025-12-26 16:08:27
ip=127.0.0.1
user_query=what is eschool?
stage=decision making
response={
  "category": "related",
  "answer": "",
  "confidence": 0.95
}
----------------------------------------
time=2025-12-26 16:08:28
ip=127.0.0.1
user_query=what is eschool?
stage=decision making
response={
  "category": "related",
  "answer": "",
  "confidence": 1.0
}
----------------------------------------
time=2025-12-26 16:08:29
ip=127.0.0.1
user_query=what is eschool?
stage=decision making
response={
  "category": "related",
  "answer": "",
  "confidence": 1.0
}
----------------------------------------
time=2025-12-26 16:08:30
ip=127.0.0.1
user_query=what is eschool?
stage=decision making
response={
  "category": "related",
  "answer": "",
  "confidence": 0.95
}
----------------------------------------
time=2025-12-26 16:08:31
ip=127.0.0.1
user_query=what is eschool?
stage=decision making
response={
  "category": "related",
  "answer": "",
  "confidence": 0.9
}
----------------------------------------
time=2025-12-26 16:08:33
ip=127.0.0.1
user_query=what is eschool?
stage=decision making
response={
  "category": "related",
  "answer": "",
  "confidence": 0.95
}
----------------------------------------
time=2025-12-26 16:08:33
ip=127.0.0.1
user_query=what is eschool?
stage=decision making
response={
  "category": "related",
  "answer": "",
  "confidence": 0.95
}
----------------------------------------
time=2025-12-26 16:08:34
ip=127.0.0.1
user_query=what is eschool?
stage=decision making
response={
  "category": "related",
  "answer": "",
  "confidence": 0.9
}
----------------------------------------
time=2025-12-26 16:08:35
ip=127.0.0.1
user_query=what is eschool?
stage=decision making
response={
  "category": "related",
  "answer": "",
  "confidence": 0.9
}
----------------------------------------
time=2025-12-26 16:08:36
ip=127.0.0.1
user_query=what is eschool?
stage=decision making
response={
  "category": "related",
  "answer": "",
  "confidence": 0.9
}
----------------------------------------
time=2025-12-26 16:08:38
ip=127.0.0.1
user_query=what is eschool?
stage=decision making
response={
  "category": "related",
  "answer": "",
  "confidence": 0.95
}
----------------------------------------
time=2025-12-26 16:08:38
ip=127.0.0.1
user_query=what is eschool?
stage=decision making
response={
  "category": "related",
  "answer": "",
  "confidence": 0.9
}
----------------------------------------
time=2025-12-26 16:08:39
ip=127.0.0.1
user_query=what is eschool?
stage=decision making
response={
  "category": "related",
  "answer": "",
  "confidence": 0.95
}
----------------------------------------
time=2025-12-26 16:08:40
ip=127.0.0.1
user_query=what is eschool?
stage=decision making
response={
  "category": "related",
  "answer": "",
  "confidence": 0.9
}
----------------------------------------
time=2025-12-26 16:09:57
ip=127.0.0.1
user_query=what is eschool?
stage=decision making
response={
  "category": "related",
  "answer": "",
  "confidence": 0.9
}
----------------------------------------
time=2025-12-26 16:09:58
ip=127.0.0.1
user_query=what is eschool?
stage=decision making
response={
  "category": "related",
  "answer": "",
  "confidence": 0.9
}
----------------------------------------
time=2025-12-26 16:09:59
ip=127.0.0.1
user_query=what is eschool?
stage=decision making
response={
  "category": "related",
  "answer": "",
  "confidence": 0.9
}
----------------------------------------
time=2025-12-26 16:10:00
ip=127.0.0.1
user_query=what is eschool?
stage=decision making
response={
  "category": "related",
  "answer": "",
  "confidence": 0.9
}
----------------------------------------
time=2025-12-26 16:10:01
ip=127.0.0.1
user_query=what is eschool?
stage=decision making
response={
  "category": "related",
  "answer": "",
  "confidence": 0.9
}
----------------------------------------
time=2025-12-26 16:10:02
ip=127.0.0.1
user_query=what is eschool?
stage=decision making
response={
  "category": "related",
  "answer": "",
  "confidence": 0.9
}
----------------------------------------
time=2025-12-26 16:10:03
ip=127.0.0.1
user_query=what is eschool?
stage=decision making
response={
  "category": "related",
  "answer": "",
  "confidence": 0.95
}
----------------------------------------
time=2025-12-26 16:10:05
ip=127.0.0.1
user_query=what is eschool?
stage=decision making
response={
  "category": "related",
  "answer": "",
  "confidence": 1.0
}
----------------------------------------
time=2025-12-26 16:10:06
ip=127.0.0.1
user_query=what is eschool?
stage=decision making
response={
  "category": "related",
  "answer": "",
  "confidence": 0.95
}
----------------------------------------
time=2025-12-26 16:10:07
ip=127.0.0.1
user_query=what is eschool?
stage=decision making
response={
  "category": "related",
  "answer": "",
  "confidence": 0.95
}
----------------------------------------
time=2025-12-26 16:10:08
ip=127.0.0.1
user_query=what is eschool?
stage=decision making
response={
  "category": "related",
  "answer": "",
  "confidence": 0.9
}
----------------------------------------
time=2025-12-26 16:10:08
ip=127.0.0.1
user_query=what is eschool?
stage=decision making
response={
  "category": "related",
  "answer": "",
  "confidence": 0.9
}
----------------------------------------
time=2025-12-26 16:10:09
ip=127.0.0.1
user_query=what is eschool?
stage=decision making
response={
  "category": "related",
  "answer": "",
  "confidence": 0.9
}
----------------------------------------
time=2025-12-26 16:10:10
ip=127.0.0.1
user_query=what is eschool?
stage=decision making
response={
  "category": "related",
  "answer": "",
  "confidence": 0.9
}
----------------------------------------
time=2025-12-26 16:10:11
ip=127.0.0.1
user_query=what is eschool?
stage=decision making
response={
  "category": "related",
  "answer": "",
  "confidence": 0.95
}
----------------------------------------
time=2025-12-26 16:10:30
ip=127.0.0.1
user_query=what is eschool
stage=decision making
response={
  "category": "related",
  "answer": "",
  "confidence": 0.95
}
----------------------------------------
