time=2026-01-05 16:33:58
ip=127.0.0.1
user_query=hi
stage=decision making
response={
  "category": "unrelated",
  "answer": "Hello! How can I assist you with the school management system today?",
  "confidence": 1.0
}
----------------------------------------
time=2026-01-05 16:34:10
ip=127.0.0.1
user_query=who are you
stage=decision making
response={
  "category": "unrelated",
  "answer": "I'm an assistant for the MyEschoolHome school management system. I can help you with questions about student records, attendance, grades, fees, and other system features.",
  "confidence": 1.0
}
----------------------------------------
time=2026-01-05 16:36:59
ip=127.0.0.1
user_query=hi
stage=decision making
response={
  "category": "unrelated",
  "answer": "Hello! How can I assist you with the school management system today?",
  "confidence": 1.0
}
----------------------------------------
time=2026-01-05 16:37:27
ip=127.0.0.1
user_query=who are you
stage=decision making
response={
  "category": "unrelated",
  "answer": "I'm a specialized assistant for the My ESchoolHome school management system. How can I help you with student records, attendance, grades, or other school management features?",
  "confidence": 1.0
}
----------------------------------------
time=2026-01-05 16:37:39
ip=127.0.0.1
user_query=what is eschool
stage=decision making
response={
  "category": "related",
  "answer": "",
  "confidence": 0.9
}
----------------------------------------
time=2026-01-05 16:38:00
ip=127.0.0.1
user_query=what is eschool
stage=decision making
response={
  "category": "related",
  "answer": "",
  "confidence": 0.95
}
----------------------------------------
time=2026-01-05 16:39:33
ip=127.0.0.1
user_query=hi
stage=decision making
response={
  "category": "unrelated",
  "answer": "Hello! How can I assist you with the school management system today?",
  "confidence": 1.0
}
----------------------------------------
time=2026-01-05 16:39:40
ip=127.0.0.1
user_query=what is eschool
stage=decision making
response={
  "category": "related",
  "answer": "",
  "confidence": 1.0
}
----------------------------------------
time=2026-01-05 16:39:42
ip=127.0.0.1
user_query=what is eschool
stage=answer generation
response={
  "answer": "eSchool is a comprehensive, AI-powered school management system offering integrated solutions for student enrollment, attendance, grades, communication, and online learning. It is described as a modern school information management system and a preferred choice for educational institutions worldwide, providing a user-friendly platform to empower educational institutions.",
  "confidence": 1.0
}
----------------------------------------
