time=2025-12-26 16:07:01
ip=127.0.0.1
user_query=hello
stage=decision making
response={
  "category": "unrelated",
  "answer": "Hello! How can I assist you with the school management system today?",
  "confidence": 1.0
}
----------------------------------------
time=2025-12-26 16:07:02
ip=127.0.0.1
user_query=hello
stage=decision making
response={
  "category": "unrelated",
  "answer": "Hello! How can I assist you with the school management system today?",
  "confidence": 1.0
}
----------------------------------------
time=2025-12-26 16:07:03
ip=127.0.0.1
user_query=hello
stage=decision making
response={
  "category": "unrelated",
  "answer": "Hello! How can I assist you with the school management system today?",
  "confidence": 1.0
}
----------------------------------------
time=2025-12-26 16:07:04
ip=127.0.0.1
user_query=hello
stage=decision making
response={
  "category": "unrelated",
  "answer": "Hello! How can I assist you with the school management system today?",
  "confidence": 1.0
}
----------------------------------------
time=2025-12-26 16:07:05
ip=127.0.0.1
user_query=hello
stage=decision making
response={
  "category": "unrelated",
  "answer": "Hello! How can I assist you with the school management system today?",
  "confidence": 1.0
}
----------------------------------------
time=2025-12-26 16:07:05
ip=127.0.0.1
user_query=hello
stage=decision making
response={
  "category": "unrelated",
  "answer": "Hello! How can I assist you with the school management system today?",
  "confidence": 1.0
}
----------------------------------------
time=2025-12-26 16:07:07
ip=127.0.0.1
user_query=hello
stage=decision making
response={
  "category": "unrelated",
  "answer": "Hello! How can I assist you with the school management system today?",
  "confidence": 1.0
}
----------------------------------------
time=2025-12-26 16:07:07
ip=127.0.0.1
user_query=hello
stage=decision making
response={
  "category": "unrelated",
  "answer": "Hello! How can I assist you with the school management system today?",
  "confidence": 1.0
}
----------------------------------------
time=2025-12-26 16:07:09
ip=127.0.0.1
user_query=hello
stage=decision making
response={
  "category": "unrelated",
  "answer": "Hello! How can I assist you with the school management system today?",
  "confidence": 1.0
}
----------------------------------------
time=2025-12-26 16:07:09
ip=127.0.0.1
user_query=hello
stage=decision making
response={
  "category": "unrelated",
  "answer": "Hello! How can I assist you with the school management system today?",
  "confidence": 1.0
}
----------------------------------------
time=2025-12-26 16:07:11
ip=127.0.0.1
user_query=hello
stage=decision making
response={
  "category": "unrelated",
  "answer": "Hello! How can I assist you with the school management system today?",
  "confidence": 1.0
}
----------------------------------------
time=2025-12-26 16:07:11
ip=127.0.0.1
user_query=hello
stage=decision making
response={
  "category": "unrelated",
  "answer": "Hello! How can I assist you with the school management system today?",
  "confidence": 1.0
}
----------------------------------------
time=2025-12-26 16:07:13
ip=127.0.0.1
user_query=hello
stage=decision making
response={
  "category": "unrelated",
  "answer": "Hello! How can I assist you with the school management system today?",
  "confidence": 1.0
}
----------------------------------------
time=2025-12-26 16:07:13
ip=127.0.0.1
user_query=hello
stage=decision making
response={
  "category": "unrelated",
  "answer": "Hello! How can I assist you with the school management system today?",
  "confidence": 1.0
}
----------------------------------------
time=2025-12-26 16:07:14
ip=127.0.0.1
user_query=hello
stage=decision making
response={
  "category": "unrelated",
  "answer": "Hello! How can I assist you with the school management system today?",
  "confidence": 1.0
}
----------------------------------------
