time=2026-01-05 16:48:38
ip=127.0.0.1
user_query=hello
stage=decision making
response={
  "category": "unrelated",
  "answer": "Hello! How can I assist you with the school management system today?",
  "confidence": 1.0
}
----------------------------------------
time=2026-01-05 16:49:08
ip=127.0.0.1
user_query=who are you
stage=decision making
response={
  "category": "unrelated",
  "answer": "I'm an AI assistant for the MyEschooHome school management system. How can I help you with the website today?",
  "confidence": 1.0
}
----------------------------------------
time=2026-01-05 16:50:26
ip=127.0.0.1
user_query=hello
stage=decision making
response={
  "category": "unrelated",
  "answer": "Hello! How can I assist you with the school management system today?",
  "confidence": 1.0
}
----------------------------------------
time=2026-01-05 16:54:23
ip=127.0.0.1
user_query=hello how are you
stage=decision making
response={
  "category": "unrelated",
  "answer": "Hello! I'm doing well, thank you. How can I assist you with the school management system today?",
  "confidence": 1.0
}
----------------------------------------
time=2026-01-05 16:54:42
ip=127.0.0.1
user_query=what is eschool
stage=decision making
response={
  "category": "related",
  "answer": "",
  "confidence": 1.0
}
----------------------------------------
time=2026-01-05 16:54:43
ip=127.0.0.1
user_query=what is eschool
stage=answer generation
response={
  "answer": "eSchool is a comprehensive, AI-powered school management system (also referred to as the eSchool Portal). It offers integrated solutions for student enrollment, attendance, grades, communication, and online learning. It is a suite of digital products designed to streamline education operations.",
  "confidence": 1.0
}
----------------------------------------
time=2026-01-05 17:17:04
ip=127.0.0.1
user_query=hello there
stage=decision making
response={
  "category": "unrelated",
  "answer": "Hello! How can I assist you with the school management system today?",
  "confidence": 1.0
}
----------------------------------------
time=2026-01-05 17:17:27
ip=127.0.0.1
user_query=who are you
stage=decision making
response={
  "category": "unrelated",
  "answer": "I'm an AI assistant for the myeschoolhome.com school management system. How can I help you with student records, attendance, grading, or other school management tasks today?",
  "confidence": 1.0
}
----------------------------------------
time=2026-01-05 17:17:39
ip=127.0.0.1
user_query=what is eschool?
stage=decision making
response={
  "category": "related",
  "answer": "",
  "confidence": 1.0
}
----------------------------------------
time=2026-01-05 17:17:40
ip=127.0.0.1
user_query=what is eschool?
stage=answer generation
response={
  "answer": "eSchool is a comprehensive, AI-powered school management system offering integrated solutions for student enrollment, attendance, grades, communication, and online learning. It is described as a modern school information management system with a suite of digital products designed to streamline education operations.",
  "confidence": 1.0
}
----------------------------------------
