time=2026-01-08 16:26:39
ip=127.0.0.1
user_query=what is the gradebook used for?
stage=decision making
response={
  "category": "related",
  "answer": "",
  "confidence": 0.95
}
embedding_model=embedding-gemma
retrieved_chunks=
----------------------------------------
time=2026-01-08 16:26:40
ip=127.0.0.1
user_query=what is the gradebook used for?
stage=answer generation
response={
  "answer": "The eSchool Gradebook is used to record, manage, and share student grades in real time. It allows teachers to track and manage student performance, including grades, averages, and assessment reports. It also helps organize student behavior status and remarks, and integrates with the school's calendar to schedule assignments and exams.",
  "confidence": 1.0
}
embedding_model=embedding-gemma
retrieved_chunks= Text: eSchool Gradebook Overview: This is a Online Gradebook System | Real-Time Student Grades – eSchool. Grades Made Smarter. The eSchool Gradebook is an all-in-one digital tool that allows teachers to record, manage, and share student grades in real time. It simplifies grading, supports transparent academic communication, and helps schools maintain accurate performance records effortlessly. Track and manage student performance with eSchool’s Gradebook. Access real-time grades, averages, and assessment reports for transparent academic tracking.Keywords: eschool gradebook, student grades online, digital report card, academic performance tracking, online assessment, school grading system Google Play: https://play.google.com/store/apps/details?id=com.eschool.gradebook App Store: https://apps.apple.com/us/app/eschool-gradebook/id1322901106 Web Version: https://www.myeschoolhome.com/account/login.html?lang=en&target=%2F
 Section: Overview
 URL: https://web.myeschoolhome.com/products/gradebook . 

 Text: Product eSchool Gradebook: Comprehensive grade management and progress tracking. Features: Grade Analytics. Progress Reports. Assessment Tools
 Section: eSchool Gradebook
 URL: https://web.myeschoolhome.com/products/gradebook . 

 Text: eSchool Gradebook: Organize Your Student's Grades, Behavior Status and Remarks: Develop an integrated student management system incorporating grade tracking, behavioral assessments, and remarks. This system will seamlessly integrate with the school's calendar, enabling teachers to schedule assignments and exams for students while providing the flexibility to attach relevant materials to the agenda.
 Section: Organize Your Student's Grades, Behavior Status and Remarks
 URL: https://web.myeschoolhome.com/products/gradebook . 
----------------------------------------
time=2026-01-08 16:27:48
ip=127.0.0.1
user_query=who uses gradebook?
stage=decision making
response={
  "category": "related",
  "answer": "",
  "confidence": 1.0
}
embedding_model=embedding-gemma
retrieved_chunks=
----------------------------------------
time=2026-01-08 16:27:52
ip=127.0.0.1
user_query=who uses gradebook?
stage=answer generation
response={
  "answer": "Teachers use the eSchool Gradebook to record, manage, and share student grades in real time. It also facilitates seamless communication among teachers and managers for effective collaboration and feedback exchange.",
  "confidence": 1.0
}
embedding_model=embedding-gemma
retrieved_chunks= Text: Product eSchool Gradebook: Comprehensive grade management and progress tracking. Features: Grade Analytics. Progress Reports. Assessment Tools
 Section: eSchool Gradebook
 URL: https://web.myeschoolhome.com/products/gradebook . 

 Text: eSchool Gradebook Overview: This is a Online Gradebook System | Real-Time Student Grades – eSchool. Grades Made Smarter. The eSchool Gradebook is an all-in-one digital tool that allows teachers to record, manage, and share student grades in real time. It simplifies grading, supports transparent academic communication, and helps schools maintain accurate performance records effortlessly. Track and manage student performance with eSchool’s Gradebook. Access real-time grades, averages, and assessment reports for transparent academic tracking.Keywords: eschool gradebook, student grades online, digital report card, academic performance tracking, online assessment, school grading system Google Play: https://play.google.com/store/apps/details?id=com.eschool.gradebook App Store: https://apps.apple.com/us/app/eschool-gradebook/id1322901106 Web Version: https://www.myeschoolhome.com/account/login.html?lang=en&target=%2F
 Section: Overview
 URL: https://web.myeschoolhome.com/products/gradebook . 

 Text: eSchool Gradebook enhances teachers' productivity by facilitating: Seamless communication:Streamlining the sharing of comments among teachers and managers to ensure effective collaboration and feedback exchange. Comprehensive organization:Structuring lessons, objectives, and sub-objectives systematically to optimize teaching strategies and student learning outcomes. Tailored scheduling:Enabling the customization of specific schedules for each teacher to maximize efficiency and resource allocation.
 Section: eSchool Gradebook enhances teachers' productivity by facilitating
 URL: https://web.myeschoolhome.com/products/gradebook . 
----------------------------------------
